[creativemela.com/themeforest_html/axz_personal_portfolio_html_template/axz-portfolio-dark/index.html]
[backblue.gif]
[fade.gif]
[index.html]
[creativemela.com/themeforest_html/axz_personal_portfolio_html_template/axz-portfolio-dark/assets/img/logo/favicon.png]
[creativemela.com/themeforest_html/axz_personal_portfolio_html_template/axz-portfolio-dark/assets/css/animate.min.css]
[creativemela.com/themeforest_html/axz_personal_portfolio_html_template/axz-portfolio-dark/assets/css/swiper__bundle.css]
[creativemela.com/themeforest_html/axz_personal_portfolio_html_template/axz-portfolio-dark/assets/css/normalize.css]
[creativemela.com/themeforest_html/axz_personal_portfolio_html_template/axz-portfolio-dark/assets/css/style.css]
[creativemela.com/themeforest_html/axz_personal_portfolio_html_template/axz-portfolio-dark/assets/img/logo/dark-logo.svg]
[creativemela.com/themeforest_html/axz_personal_portfolio_html_template/axz-portfolio-dark/contact.html]
[creativemela.com/themeforest_html/axz_personal_portfolio_html_template/axz-portfolio-dark/assets/img/icons/bars.svg]
[creativemela.com/themeforest_html/axz_personal_portfolio_html_template/axz-portfolio-dark/assets/img/author/author.jpg]
[creativemela.com/themeforest_html/axz_personal_portfolio_html_template/axz-portfolio-dark/assets/img/icons/dribble.svg]
[creativemela.com/themeforest_html/axz_personal_portfolio_html_template/axz-portfolio-dark/assets/img/icons/facebook.svg]
[creativemela.com/themeforest_html/axz_personal_portfolio_html_template/axz-portfolio-dark/assets/img/icons/twitter-x.svg]
[creativemela.com/themeforest_html/axz_personal_portfolio_html_template/axz-portfolio-dark/assets/img/icons/instagram.svg]
[creativemela.com/themeforest_html/axz_personal_portfolio_html_template/axz-portfolio-dark/assets/img/icons/linkedin.svg]
[creativemela.com/themeforest_html/axz_personal_portfolio_html_template/axz-portfolio-dark/assets/img/logo/circle-logo.svg]
[creativemela.com/themeforest_html/axz_personal_portfolio_html_template/axz-portfolio-dark/assets/img/icons/home.svg]
[creativemela.com/themeforest_html/axz_personal_portfolio_html_template/axz-portfolio-dark/assets/img/icons/email.svg]
[creativemela.com/themeforest_html/axz_personal_portfolio_html_template/axz-portfolio-dark/assets/img/icons/phone.svg]
[creativemela.com/themeforest_html/axz_personal_portfolio_html_template/axz-portfolio-dark/assets/img/content/code-dark.png]
[creativemela.com/themeforest_html/axz_personal_portfolio_html_template/axz-portfolio-dark/about.html]
[creativemela.com/themeforest_html/axz_personal_portfolio_html_template/axz-portfolio-dark/assets/img/icons/about.svg]
[creativemela.com/themeforest_html/axz_personal_portfolio_html_template/axz-portfolio-dark/service.html]
[creativemela.com/themeforest_html/axz_personal_portfolio_html_template/axz-portfolio-dark/assets/img/icons/service.svg]
[creativemela.com/themeforest_html/axz_personal_portfolio_html_template/axz-portfolio-dark/portfolio.html]
[creativemela.com/themeforest_html/axz_personal_portfolio_html_template/axz-portfolio-dark/assets/img/icons/portfolio.svg]
[creativemela.com/themeforest_html/axz_personal_portfolio_html_template/axz-portfolio-dark/education.html]
[creativemela.com/themeforest_html/axz_personal_portfolio_html_template/axz-portfolio-dark/assets/img/icons/education.svg]
[creativemela.com/themeforest_html/axz_personal_portfolio_html_template/axz-portfolio-dark/pricing.html]
[creativemela.com/themeforest_html/axz_personal_portfolio_html_template/axz-portfolio-dark/assets/img/icons/pricing.svg]
[creativemela.com/themeforest_html/axz_personal_portfolio_html_template/axz-portfolio-dark/blog.html]
[creativemela.com/themeforest_html/axz_personal_portfolio_html_template/axz-portfolio-dark/assets/img/icons/blog.svg]
[creativemela.com/themeforest_html/axz_personal_portfolio_html_template/axz-portfolio-dark/assets/img/icons/contact.svg]
[creativemela.com/themeforest_html/axz_personal_portfolio_html_template/axz-portfolio-dark/assets/img/icons/x-lg.svg]
[creativemela.com/themeforest_html/axz_personal_portfolio_html_template/axz-portfolio-dark/assets/js/Jquery-3.7.1.js]
[creativemela.com/themeforest_html/axz_personal_portfolio_html_template/axz-portfolio-dark/assets/js/barba.core.js]
[creativemela.com/themeforest_html/axz_personal_portfolio_html_template/axz-portfolio-dark/assets/js/ajax-contact.js]
[creativemela.com/themeforest_html/axz_personal_portfolio_html_template/axz-portfolio-dark/assets/js/appear.min.js]
[creativemela.com/themeforest_html/axz_personal_portfolio_html_template/axz-portfolio-dark/assets/js/imagesloaded.pkgd.min.js]
[creativemela.com/themeforest_html/axz_personal_portfolio_html_template/axz-portfolio-dark/assets/js/swiper-bundle-min.js]
[creativemela.com/themeforest_html/axz_personal_portfolio_html_template/axz-portfolio-dark/assets/js/svginject.min.js]
[creativemela.com/themeforest_html/axz_personal_portfolio_html_template/axz-portfolio-dark/assets/js/gsap/gsap-3.12.3.js]
[creativemela.com/themeforest_html/axz_personal_portfolio_html_template/axz-portfolio-dark/index.html]
[creativemela.com/themeforest_html/axz_personal_portfolio_html_template/axz-portfolio-dark/assets/css/animate.min.css]
[creativemela.com/themeforest_html/axz_personal_portfolio_html_template/axz-portfolio-dark/assets/js/main.js]
[creativemela.com/themeforest_html/axz_personal_portfolio_html_template/axz-portfolio-dark/assets/css/swiper__bundle.css]
[creativemela.com/themeforest_html/axz_personal_portfolio_html_template/axz-portfolio-dark/assets/css/normalize.css]
[creativemela.com/themeforest_html/axz_personal_portfolio_html_template/axz-portfolio-dark/assets/css/style.css]
[creativemela.com/themeforest_html/axz_personal_portfolio_html_template/axz-portfolio-dark/assets/img/logo/dark-logo.svg]
[creativemela.com/themeforest_html/axz_personal_portfolio_html_template/axz-portfolio-dark/assets/img/icons/check.svg]
[creativemela.com/themeforest_html/axz_personal_portfolio_html_template/axz-portfolio-dark/assets/img/content/line.svg]
[creativemela.com/themeforest_html/axz_personal_portfolio_html_template/axz-portfolio-dark/assets/img/icons/phone-call.svg]
[creativemela.com/themeforest_html/axz_personal_portfolio_html_template/axz-portfolio-dark/assets/img/icons/mail-open.svg]
[creativemela.com/themeforest_html/axz_personal_portfolio_html_template/axz-portfolio-dark/contact.html]
[creativemela.com/themeforest_html/axz_personal_portfolio_html_template/axz-portfolio-dark/assets/img/icons/bars.svg]
[creativemela.com/themeforest_html/axz_personal_portfolio_html_template/axz-portfolio-dark/assets/img/icons/dribble.svg]
[creativemela.com/themeforest_html/axz_personal_portfolio_html_template/axz-portfolio-dark/assets/img/icons/facebook.svg]
[creativemela.com/themeforest_html/axz_personal_portfolio_html_template/axz-portfolio-dark/assets/img/icons/twitter-x.svg]
[creativemela.com/themeforest_html/axz_personal_portfolio_html_template/axz-portfolio-dark/assets/img/icons/instagram.svg]
[creativemela.com/themeforest_html/axz_personal_portfolio_html_template/axz-portfolio-dark/assets/img/icons/linkedin.svg]
[creativemela.com/themeforest_html/axz_personal_portfolio_html_template/axz-portfolio-dark/assets/img/logo/circle-logo.svg]
[creativemela.com/themeforest_html/axz_personal_portfolio_html_template/axz-portfolio-dark/assets/img/icons/home.svg]
[creativemela.com/themeforest_html/axz_personal_portfolio_html_template/axz-portfolio-dark/assets/img/icons/email.svg]
[creativemela.com/themeforest_html/axz_personal_portfolio_html_template/axz-portfolio-dark/assets/img/icons/phone.svg]
[creativemela.com/themeforest_html/axz_personal_portfolio_html_template/axz-portfolio-dark/assets/img/icons/arrow-top.svg]
[creativemela.com/themeforest_html/axz_personal_portfolio_html_template/axz-portfolio-dark/assets/img/icons/location-dot.svg]
[creativemela.com/themeforest_html/axz_personal_portfolio_html_template/axz-portfolio-dark/assets/img/icons/star.svg]
[creativemela.com/themeforest_html/axz_personal_portfolio_html_template/axz-portfolio-dark/assets/img/client/1.png]
[creativemela.com/themeforest_html/axz_personal_portfolio_html_template/axz-portfolio-dark/assets/img/client/02.png]
[creativemela.com/themeforest_html/axz_personal_portfolio_html_template/axz-portfolio-dark/about.html]
[creativemela.com/themeforest_html/axz_personal_portfolio_html_template/axz-portfolio-dark/assets/img/icons/about.svg]
[creativemela.com/themeforest_html/axz_personal_portfolio_html_template/axz-portfolio-dark/assets/img/icons/service-1.svg]
[creativemela.com/themeforest_html/axz_personal_portfolio_html_template/axz-portfolio-dark/assets/img/icons/service-2.svg]
[creativemela.com/themeforest_html/axz_personal_portfolio_html_template/axz-portfolio-dark/assets/img/icons/service-3.svg]
[creativemela.com/themeforest_html/axz_personal_portfolio_html_template/axz-portfolio-dark/assets/img/icons/service-4.svg]
[creativemela.com/themeforest_html/axz_personal_portfolio_html_template/axz-portfolio-dark/service.html]
[creativemela.com/themeforest_html/axz_personal_portfolio_html_template/axz-portfolio-dark/assets/img/icons/service.svg]
[creativemela.com/themeforest_html/axz_personal_portfolio_html_template/axz-portfolio-dark/assets/img/portfolio/01.jpg]
[creativemela.com/themeforest_html/axz_personal_portfolio_html_template/axz-portfolio-dark/portfolio-details.html]
[creativemela.com/themeforest_html/axz_personal_portfolio_html_template/axz-portfolio-dark/assets/img/icons/rotate-arrow.svg]
[creativemela.com/themeforest_html/axz_personal_portfolio_html_template/axz-portfolio-dark/assets/img/portfolio/02.jpg]
[creativemela.com/themeforest_html/axz_personal_portfolio_html_template/axz-portfolio-dark/assets/img/portfolio/03.jpg]
[creativemela.com/themeforest_html/axz_personal_portfolio_html_template/axz-portfolio-dark/assets/img/portfolio/04.jpg]
[creativemela.com/themeforest_html/axz_personal_portfolio_html_template/axz-portfolio-dark/assets/img/portfolio/05.jpg]
[creativemela.com/themeforest_html/axz_personal_portfolio_html_template/axz-portfolio-dark/portfolio.html]
[creativemela.com/themeforest_html/axz_personal_portfolio_html_template/axz-portfolio-dark/assets/img/icons/portfolio.svg]
[creativemela.com/themeforest_html/axz_personal_portfolio_html_template/axz-portfolio-dark/education.html]
[creativemela.com/themeforest_html/axz_personal_portfolio_html_template/axz-portfolio-dark/assets/img/icons/education.svg]
[creativemela.com/themeforest_html/axz_personal_portfolio_html_template/axz-portfolio-dark/assets/img/icons/star-svg.svg]
[creativemela.com/themeforest_html/axz_personal_portfolio_html_template/axz-portfolio-dark/assets/img/icons/quote.svg]
[creativemela.com/themeforest_html/axz_personal_portfolio_html_template/axz-portfolio-dark/pricing.html]
[creativemela.com/themeforest_html/axz_personal_portfolio_html_template/axz-portfolio-dark/assets/img/icons/pricing.svg]
[creativemela.com/themeforest_html/axz_personal_portfolio_html_template/axz-portfolio-dark/blog-details.html]
[creativemela.com/themeforest_html/axz_personal_portfolio_html_template/axz-portfolio-dark/assets/img/blog/01.jpg]
[creativemela.com/themeforest_html/axz_personal_portfolio_html_template/axz-portfolio-dark/assets/img/icons/user.svg]
[creativemela.com/themeforest_html/axz_personal_portfolio_html_template/axz-portfolio-dark/assets/img/icons/calendar.svg]
[creativemela.com/themeforest_html/axz_personal_portfolio_html_template/axz-portfolio-dark/assets/img/blog/02.jpg]
[creativemela.com/themeforest_html/axz_personal_portfolio_html_template/axz-portfolio-dark/assets/img/blog/03.jpg]
[creativemela.com/themeforest_html/axz_personal_portfolio_html_template/axz-portfolio-dark/assets/img/blog/04.jpg]
[creativemela.com/themeforest_html/axz_personal_portfolio_html_template/axz-portfolio-dark/blog.html]
[creativemela.com/themeforest_html/axz_personal_portfolio_html_template/axz-portfolio-dark/assets/img/icons/blog.svg]
[creativemela.com/themeforest_html/axz_personal_portfolio_html_template/axz-portfolio-dark/assets/img/icons/contact.svg]
[creativemela.com/themeforest_html/axz_personal_portfolio_html_template/axz-portfolio-dark/assets/img/icons/x-lg.svg]
[creativemela.com/themeforest_html/axz_personal_portfolio_html_template/axz-portfolio-dark/assets/img/icons/check.svg]
[creativemela.com/themeforest_html/axz_personal_portfolio_html_template/axz-portfolio-dark/assets/img/content/line.svg]
[creativemela.com/themeforest_html/axz_personal_portfolio_html_template/axz-portfolio-dark/assets/img/icons/phone-call.svg]
[creativemela.com/themeforest_html/axz_personal_portfolio_html_template/axz-portfolio-dark/assets/img/icons/mail-open.svg]
[creativemela.com/themeforest_html/axz_personal_portfolio_html_template/axz-portfolio-dark/assets/img/icons/location-dot.svg]
[creativemela.com/themeforest_html/axz_personal_portfolio_html_template/axz-portfolio-dark/assets/img/icons/star.svg]
[creativemela.com/themeforest_html/axz_personal_portfolio_html_template/axz-portfolio-dark/assets/img/icons/service-1.svg]
[creativemela.com/themeforest_html/axz_personal_portfolio_html_template/axz-portfolio-dark/assets/img/icons/service-2.svg]
[creativemela.com/themeforest_html/axz_personal_portfolio_html_template/axz-portfolio-dark/assets/img/icons/service-3.svg]
[creativemela.com/themeforest_html/axz_personal_portfolio_html_template/axz-portfolio-dark/assets/img/icons/service-4.svg]
[creativemela.com/themeforest_html/axz_personal_portfolio_html_template/axz-portfolio-dark/assets/img/portfolio/06.jpg]
[creativemela.com/themeforest_html/axz_personal_portfolio_html_template/axz-portfolio-dark/portfolio-details.html]
[creativemela.com/themeforest_html/axz_personal_portfolio_html_template/axz-portfolio-dark/assets/img/icons/rotate-arrow.svg]
[creativemela.com/themeforest_html/axz_personal_portfolio_html_template/axz-portfolio-dark/assets/img/icons/star-svg.svg]
[creativemela.com/themeforest_html/axz_personal_portfolio_html_template/axz-portfolio-dark/assets/img/icons/quote.svg]
[creativemela.com/themeforest_html/axz_personal_portfolio_html_template/axz-portfolio-dark/assets/img/blog/05.jpg]
[creativemela.com/themeforest_html/axz_personal_portfolio_html_template/axz-portfolio-dark/assets/img/icons/arrow-left.svg]
[creativemela.com/themeforest_html/axz_personal_portfolio_html_template/axz-portfolio-dark/assets/img/icons/arrow-right.svg]
[creativemela.com/themeforest_html/axz_personal_portfolio_html_template/axz-portfolio-dark/assets/img/author/02.png]
[creativemela.com/themeforest_html/axz_personal_portfolio_html_template/axz-portfolio-dark/assets/img/author/03.png]
[creativemela.com/themeforest_html/axz_personal_portfolio_html_template/axz-portfolio-dark/blog-details.html]
[creativemela.com/themeforest_html/axz_personal_portfolio_html_template/axz-portfolio-dark/assets/img/icons/user.svg]
[creativemela.com/themeforest_html/axz_personal_portfolio_html_template/axz-portfolio-dark/assets/img/icons/calendar.svg]
[creativemela.com/themeforest_html/axz_personal_portfolio_html_template/axz-portfolio-dark/assets/img/icons/arrow-left.svg]
[creativemela.com/themeforest_html/axz_personal_portfolio_html_template/axz-portfolio-dark/assets/img/icons/arrow-right.svg]
